// Jest Snapshot v1, https://goo.gl/fbAQLP

exports[`QuoteBox renders corrently 1`] = `
<div
  className="row min-vh-100 justify-content-center align-items-center"
  id="quote-box"
>
  <div
    className="card shadow w-50 mb-3"
  >
    <div
      className="card-header"
    >
      <h4>
        Quote of the moment
      </h4>
    </div>
    <div
      className="card-body"
    >
      <CSSTransition
        appear={true}
        classNames="fade-effect"
        timeout={1000}
      >
        <div
          className="d-flex justify-content-center my-5"
        >
          <div
            className="spinner-border text-primary"
            style={
              Object {
                "height": "3rem",
                "width": "3rem",
              }
            }
          />
        </div>
      </CSSTransition>
    </div>
    <div
      className="card-footer"
    >
      <Tweet
        author=""
        quote=""
      />
      <button
        className="btn btn-primary float-end ms-2"
        id="author-quote"
        onClick={[Function]}
      >
        Quote from this author
      </button>
      <button
        className="btn btn-primary float-end ms-2"
        id="new-quote"
        onClick={[Function]}
      >
        Random quote
      </button>
    </div>
    <div />
  </div>
</div>
`;
