// Jest Snapshot v1, https://goo.gl/fbAQLP

exports[`renders correctly 1`] = `
<div
  className="alert alert-danger position-fixed top-0 start-50 translate-middle-x"
  style={
    Object {
      "minWidth": "60%",
    }
  }
>
  A generic error occurred
</div>
`;
